// Jest Snapshot v1, https://jestjs.io/docs/snapshot-testing

exports[`resolve adds error info 1`] = `
{
  "streams": [
    {
      "behaviorHints": {},
      "name": "WebStreamr 🇩🇪",
      "title": "🔗 hoster.com
⚠️ Request was blocked.",
      "ytId": "E4WlUXrJgy4",
    },
    {
      "behaviorHints": {},
      "name": "WebStreamr 🇩🇪",
      "title": "🔗 hoster.com
⚠️ Request was blocked.",
      "ytId": "E4WlUXrJgy4",
    },
    {
      "behaviorHints": {},
      "name": "WebStreamr 🇩🇪",
      "title": "🔗 hoster.com
🚦 Request was rate-limited. Please try again later or consider self-hosting.",
      "ytId": "E4WlUXrJgy4",
    },
    {
      "behaviorHints": {},
      "name": "WebStreamr 🇩🇪",
      "title": "🔗 hoster.com
🚦 Too many recent timeouts. Please try again later.",
      "ytId": "E4WlUXrJgy4",
    },
    {
      "behaviorHints": {},
      "name": "WebStreamr 🇩🇪",
      "title": "🔗 hoster.com
❌ Request failed. Request-id: id.",
      "ytId": "E4WlUXrJgy4",
    },
    {
      "behaviorHints": {},
      "name": "WebStreamr 🇩🇪",
      "title": "🔗 hoster.com
🐢 Request timed out.",
      "ytId": "E4WlUXrJgy4",
    },
    {
      "behaviorHints": {},
      "name": "WebStreamr 🇩🇪",
      "title": "🔗 hoster.com
⏳ Request queue is full. Please try again later or consider self-hosting.",
      "ytId": "E4WlUXrJgy4",
    },
    {
      "behaviorHints": {},
      "name": "WebStreamr 🇩🇪",
      "title": "🔗 hoster.com
❌ Request failed with status 500 (Internal Server Error). Request-id: id.",
      "ytId": "E4WlUXrJgy4",
    },
  ],
}
`;

exports[`resolve adds error info 2`] = `
{
  "streams": [
    {
      "behaviorHints": {},
      "externalUrl": "https://example.com/",
      "name": "WebStreamr 🇩🇪 ⚠️ external",
      "title": "🔗 hoster.com
⚠️ Request was blocked.",
    },
    {
      "behaviorHints": {},
      "externalUrl": "https://example.com/",
      "name": "WebStreamr 🇩🇪 ⚠️ external",
      "title": "🔗 hoster.com
⚠️ Request was blocked.",
    },
    {
      "behaviorHints": {},
      "externalUrl": "https://example.com/",
      "name": "WebStreamr 🇩🇪 ⚠️ external",
      "title": "🔗 hoster.com
🚦 Request was rate-limited. Please try again later or consider self-hosting.",
    },
    {
      "behaviorHints": {},
      "externalUrl": "https://example.com/",
      "name": "WebStreamr 🇩🇪 ⚠️ external",
      "title": "🔗 hoster.com
🚦 Too many recent timeouts. Please try again later.",
    },
    {
      "behaviorHints": {},
      "externalUrl": "https://example2.com/",
      "name": "WebStreamr 🇩🇪 ⚠️ external",
      "title": "🔗 hoster.com
❌ Request failed. Request-id: id.",
    },
    {
      "behaviorHints": {},
      "externalUrl": "https://example2.com/",
      "name": "WebStreamr 🇩🇪 ⚠️ external",
      "title": "🔗 hoster.com
🐢 Request timed out.",
    },
    {
      "behaviorHints": {},
      "externalUrl": "https://example3.com/",
      "name": "WebStreamr 🇩🇪 ⚠️ external",
      "title": "🔗 hoster.com
⏳ Request queue is full. Please try again later or consider self-hosting.",
    },
    {
      "behaviorHints": {},
      "externalUrl": "https://example4.com/",
      "name": "WebStreamr 🇩🇪 ⚠️ external",
      "title": "🔗 hoster.com
❌ Request failed with status 500 (Internal Server Error). Request-id: id.",
    },
  ],
}
`;

exports[`resolve ignores not found errors 1`] = `
{
  "streams": [],
  "ttl": 900000,
}
`;

exports[`resolve returns empty array if no source found anything 1`] = `
{
  "streams": [],
  "ttl": 900000,
}
`;

exports[`resolve returns empty array if no source supported the type 1`] = `
{
  "streams": [],
  "ttl": 900000,
}
`;

exports[`resolve returns info as stream if no sources were configured 1`] = `
{
  "streams": [
    {
      "name": "WebStreamr",
      "title": "⚠️ No sources found. Please re-configure the plugin.",
      "ytId": "E4WlUXrJgy4",
    },
  ],
}
`;

exports[`resolve returns sorted results 1`] = `
[
  {
    "behaviorHints": {
      "bingeGroup": "webstreamr-dropload_de",
      "videoSize": 1395864371,
    },
    "name": "WebStreamr 🇩🇪 1080p",
    "title": "des-teufels-bad-2024
💾 1.3 GB 🔗 Dropload",
    "url": "https://srv34.dropload.io/hls2/01/00197/lyo2h1snpe5c_h/master.m3u8?t=MZSqs3F338ocbM2eTs8X23s585dWcYuilGrNNcidNas&s=1749846846&e=14400&f=987607&srv=srv27&i=0.0&sp=0&ii=50.99.15.93&p1=srv27&p2=srv27",
  },
  {
    "behaviorHints": {
      "bingeGroup": "webstreamr-dropload_it",
      "videoSize": 1181116006,
    },
    "name": "WebStreamr 🇮🇹 720p",
    "title": "the-devils-bath-2024-sd-sub-ita
💾 1.1 GB 🔗 Dropload",
    "url": "https://srv34.dropload.io/hls2/01/00200/xsr90y2ltdyx_h/master.m3u8?t=rsJMeR8rtWZxFi_3DOdlt98U0rvAMincCe4-awDQzHE&s=1749846846&e=14400&f=1004116&srv=srv24&i=0.0&sp=0&ii=50.99.15.93&p1=srv24&p2=srv24",
  },
  {
    "behaviorHints": {
      "bingeGroup": "webstreamr-supervideo_it",
      "videoSize": 1181116006,
    },
    "name": "WebStreamr 🇮🇹 720p",
    "title": "the-devils-bath-2024-sd-sub-ita
💾 1.1 GB 🔗 SuperVideo",
    "url": "https://hfs311.serversicuro.cc/hls/,dnzpcjj427g4a3gyvbth53rxqgffbu4vol4o7gg7pskpzb6josghbkwhnisq,.urlset/master.m3u8",
  },
  {
    "behaviorHints": {
      "bingeGroup": "webstreamr-supervideo_de",
      "videoSize": 1073741824,
    },
    "name": "WebStreamr 🇩🇪 720p",
    "title": "des-teufels-bad-2024
💾 1 GB 🔗 SuperVideo",
    "url": "https://hfs309.serversicuro.cc/hls/,dnzpfi3d27g4a3gyvbmh5klwtl65qh654hyjtgupd6p577fze64mz3bsmdyq,.urlset/master.m3u8",
  },
  {
    "behaviorHints": {
      "bingeGroup": "webstreamr-doodstream_de",
      "notWebReady": true,
      "proxyHeaders": {
        "request": {
          "Referer": "http://dood.to",
        },
      },
      "videoSize": 791702409,
    },
    "name": "WebStreamr 🇩🇪",
    "title": "des-teufels-bad-2024
💾 755.03 MB 🔗 DoodStream",
    "url": "https://aa360cc.cloudatacdn.com/u5kjv4jxytd3sdgge5uogji5dg4huat2pxrm2qibdbm5rlyusvlvslr3u3ta/bibyo6w0dm~mocked-random-string?token=7uebebipnnhusa4xnyea1er4&expiry=639837296000",
  },
  {
    "behaviorHints": {
      "bingeGroup": "webstreamr-doodstream_it",
      "notWebReady": true,
      "proxyHeaders": {
        "request": {
          "Referer": "http://dood.to",
        },
      },
    },
    "name": "WebStreamr 🇮🇹",
    "title": "the-devils-bath-2024-sd-sub-ita
🔗 DoodStream",
    "url": "https://kk892as.cloudatacdn.com/u5kj7j7s27d3sdgge5woezkbi4pu672wktq3aqujw47rbx4declm2mk2k2gq/4msi5kvncy~mocked-random-string?token=aw2v2d8uhbrj2ky54d573ujk&expiry=639837296000",
  },
]
`;

exports[`resolve returns sorted results 2`] = `
[
  {
    "behaviorHints": {
      "bingeGroup": "webstreamr-dropload_de",
      "videoSize": 1395864371,
    },
    "name": "WebStreamr 🇩🇪 1080p",
    "title": "des-teufels-bad-2024
💾 1.3 GB 🔗 Dropload",
    "url": "https://srv34.dropload.io/hls2/01/00197/lyo2h1snpe5c_h/master.m3u8?t=MZSqs3F338ocbM2eTs8X23s585dWcYuilGrNNcidNas&s=1749846846&e=14400&f=987607&srv=srv27&i=0.0&sp=0&ii=50.99.15.93&p1=srv27&p2=srv27",
  },
  {
    "behaviorHints": {
      "bingeGroup": "webstreamr-dropload_it",
      "videoSize": 1181116006,
    },
    "name": "WebStreamr 🇮🇹 720p",
    "title": "the-devils-bath-2024-sd-sub-ita
💾 1.1 GB 🔗 Dropload",
    "url": "https://srv34.dropload.io/hls2/01/00200/xsr90y2ltdyx_h/master.m3u8?t=rsJMeR8rtWZxFi_3DOdlt98U0rvAMincCe4-awDQzHE&s=1749846846&e=14400&f=1004116&srv=srv24&i=0.0&sp=0&ii=50.99.15.93&p1=srv24&p2=srv24",
  },
  {
    "behaviorHints": {
      "bingeGroup": "webstreamr-supervideo_it",
      "videoSize": 1181116006,
    },
    "name": "WebStreamr 🇮🇹 720p",
    "title": "the-devils-bath-2024-sd-sub-ita
💾 1.1 GB 🔗 SuperVideo",
    "url": "https://hfs311.serversicuro.cc/hls/,dnzpcjj427g4a3gyvbth53rxqgffbu4vol4o7gg7pskpzb6josghbkwhnisq,.urlset/master.m3u8",
  },
  {
    "behaviorHints": {
      "bingeGroup": "webstreamr-supervideo_de",
      "videoSize": 1073741824,
    },
    "name": "WebStreamr 🇩🇪 720p",
    "title": "des-teufels-bad-2024
💾 1 GB 🔗 SuperVideo",
    "url": "https://hfs309.serversicuro.cc/hls/,dnzpfi3d27g4a3gyvbmh5klwtl65qh654hyjtgupd6p577fze64mz3bsmdyq,.urlset/master.m3u8",
  },
  {
    "behaviorHints": {
      "bingeGroup": "webstreamr-doodstream_de",
      "notWebReady": true,
      "proxyHeaders": {
        "request": {
          "Referer": "http://dood.to",
        },
      },
      "videoSize": 791702409,
    },
    "name": "WebStreamr 🇩🇪",
    "title": "des-teufels-bad-2024
💾 755.03 MB 🔗 DoodStream",
    "url": "https://aa360cc.cloudatacdn.com/u5kjv4jxytd3sdgge5uogji5dg4huat2pxrm2qibdbm5rlyusvlvslr3u3ta/bibyo6w0dm~mocked-random-string?token=7uebebipnnhusa4xnyea1er4&expiry=639837296000",
  },
  {
    "behaviorHints": {
      "bingeGroup": "webstreamr-doodstream_it",
      "notWebReady": true,
      "proxyHeaders": {
        "request": {
          "Referer": "http://dood.to",
        },
      },
    },
    "name": "WebStreamr 🇮🇹",
    "title": "the-devils-bath-2024-sd-sub-ita
🔗 DoodStream",
    "url": "https://kk892as.cloudatacdn.com/u5kj7j7s27d3sdgge5woezkbi4pu672wktq3aqujw47rbx4declm2mk2k2gq/4msi5kvncy~mocked-random-string?token=aw2v2d8uhbrj2ky54d573ujk&expiry=639837296000",
  },
  {
    "behaviorHints": {
      "bingeGroup": "webstreamr-external_de",
    },
    "externalUrl": "https://mixdrop.ag/e/3nzwveprim63or6",
    "name": "WebStreamr 🇩🇪 ⚠️ external",
    "title": "🔗 mixdrop.ag",
  },
  {
    "behaviorHints": {
      "bingeGroup": "webstreamr-external_it",
    },
    "externalUrl": "https://mixdrop.ag/e/vk196d6xfzwwo1",
    "name": "WebStreamr 🇮🇹 ⚠️ external",
    "title": "🔗 mixdrop.ag",
  },
]
`;

exports[`resolve returns source errors as stream 1`] = `
{
  "streams": [
    {
      "name": "WebStreamr",
      "title": "🔗 MeineCloud
❌ Request failed. Request-id: id.",
      "ytId": "E4WlUXrJgy4",
    },
  ],
}
`;
