// Jest Snapshot v1, https://jestjs.io/docs/snapshot-testing

exports[`Dropload dropload.io 1`] = `
[
  {
    "format": "hls",
    "label": "Dropload",
    "meta": {
      "bytes": 1395864371,
      "countryCodes": [
        "de",
      ],
      "height": 1080,
      "title": "des-teufels-bad-2024",
    },
    "sourceId": "dropload_de",
    "ttl": 900000,
    "url": "https://srv34.dropload.io/hls2/01/00197/lyo2h1snpe5c_h/master.m3u8?t=ESjD9Le53ttKN2JPyxrhLUqTebDZvx3vcQUlNgP6Vko&s=1749845553&e=14400&f=987607&srv=srv27&i=0.0&sp=0&ii=50.99.15.93&p1=srv27&p2=srv27",
  },
]
`;

exports[`Dropload file not found 1`] = `[]`;

exports[`Dropload processing / internal problem 1`] = `[]`;
