// Jest Snapshot v1, https://jestjs.io/docs/snapshot-testing

exports[`SafeFiles savefiles 1`] = `
[
  {
    "format": "hls",
    "label": "SaveFiles",
    "meta": {
      "countryCodes": [
        "en",
      ],
      "height": 720,
      "title": "King Of The Hill S14E01 1080p HEVC x265-MeGusta",
    },
    "sourceId": "savefiles_en",
    "ttl": 900000,
    "url": "https://s3.savefiles.com/hls2/01/00153/,ip0k0dj2g0i3_n,lang/eng/ip0k0dj2g0i3_eng,.urlset/master.m3u8?t=Emm2ipTW9Db4fBNcQqc8qNju3Yysg0GjGoYiC0FB-G4&s=1755078897&e=43200&v=406428&srv=s1&i=0.0&sp=0&fr=ip0k0dj2g0i3",
  },
]
`;

exports[`SafeFiles savefiles locked file 1`] = `[]`;

exports[`SafeFiles streamhls /e/ 1`] = `
[
  {
    "format": "hls",
    "label": "SaveFiles",
    "meta": {
      "countryCodes": [
        "en",
      ],
      "height": 720,
      "title": "King Of The Hill S14E01 1080p HEVC x265-MeGusta",
    },
    "sourceId": "savefiles_en",
    "ttl": 900000,
    "url": "https://s3.savefiles.com/hls2/01/00153/,ip0k0dj2g0i3_n,lang/eng/ip0k0dj2g0i3_eng,.urlset/master.m3u8?t=Emm2ipTW9Db4fBNcQqc8qNju3Yysg0GjGoYiC0FB-G4&s=1755078897&e=43200&v=406428&srv=s1&i=0.0&sp=0&fr=ip0k0dj2g0i3",
  },
]
`;
