// Jest Snapshot v1, https://jestjs.io/docs/snapshot-testing

exports[`StreamEmbed watch.gxplayer.xyz 1`] = `
[
  {
    "format": "hls",
    "label": "StreamEmbed",
    "meta": {
      "countryCodes": [
        "de",
      ],
      "height": 720,
      "title": "Baymax - Riesiges Robowabohu.mp4",
    },
    "sourceId": "streamembed_de",
    "ttl": 900000,
    "url": "https://watch.gxplayer.xyz/m3u8/3/30b4a92517ace5825f5944c8a794ad3e/master.txt?s=1&id=11782&cache=1",
  },
]
`;
