// Jest Snapshot v1, https://jestjs.io/docs/snapshot-testing

exports[`Streamtape streamtape.com /e 1`] = `
[
  {
    "format": "mp4",
    "label": "Streamtape (via MediaFlow Proxy)",
    "meta": {
      "countryCodes": [
        "es",
      ],
      "height": undefined,
      "title": "mickey-17-2025-[latino].mp4",
    },
    "sourceId": "streamtape_es",
    "ttl": 0,
    "url": "https://mediaflow-proxy.test/extractor/video?host=Streamtape&api_password=asdfg&d=https%3A%2F%2Fstreamtape.com%2Fe%2F84Kb3mkoYAiokmW&redirect_stream=true",
  },
]
`;
