// Jest Snapshot v1, https://goo.gl/fbAQLP

exports[`Frembed handle imdb black mirror s4e2 1`] = `
[
  {
    "bytes": 0,
    "countryCode": "fr",
    "height": 0,
    "label": "DoodStream",
    "requestHeaders": {
      "Referer": "http://dood.to/",
    },
    "sourceId": "doodstream_fr",
    "url": "https://ee317r.cloudatacdn.com/u5kj63yvxddlsdgge7qremqqka27irwiupc4k7o5cikbh7fdq4j4mwzraf7q/1y4sn4ndoi~undefined?token=fh3rdlhjvao7chgxndsi3ra7&expiry=639837296000",
  },
  {
    "bytes": 0,
    "countryCode": "fr",
    "height": 0,
    "isExternal": true,
    "label": "netu.frembed.art",
    "sourceId": "external_fr",
    "url": "https://netu.frembed.art/e/0DFgfkcXOsDP",
  },
  {
    "bytes": 0,
    "countryCode": "fr",
    "height": 0,
    "isExternal": true,
    "label": "johnalwayssame.com",
    "sourceId": "external_fr",
    "url": "https://johnalwayssame.com/e/cqy9oue7sv0g",
  },
]
`;
